<html>
<body>
<pre>
<h1>µVision Build Log</h1>
<h2>Tool Versions:</h2>
IDE-Version: ¦ÌVision V5.14.0.0
Copyright (C) 2015 ARM Ltd and ARM Germany GmbH. All rights reserved.
License Information: y l, xy, LIC=GE7DY-IU8T3-F15PT-R0DUL-GB9K7-WXERE
 
Tool Versions:
Toolchain:       MDK-ARM Professional  Version: 5.14.0.0
Toolchain Path:  C:\Keil_v5\ARM\ARMCC\Bin
C Compiler:      Armcc.exe V5.05 update 1 (build 106)
Assembler:       Armasm.exe V5.05 update 1 (build 106)
Linker/Locator:  ArmLink.exe V5.05 update 1 (build 106)
Library Manager: ArmAr.exe V5.05 update 1 (build 106)
Hex Converter:   FromElf.exe V5.05 update 1 (build 106)
CPU DLL:         SARMCM3.DLL V5.14.0.0
Dialog DLL:      DCM.DLL V1.13.1.0
Target DLL:      Segger\JL2CM3.dll V2.99.13.0
Dialog DLL:      TCM.DLL V1.14.4.0
 
<h2>Project:</h2>
E:\ly_work\rt-thread-4.0.0\bsp\stm32\stm32f407-atk-explorer\project.uvprojx
Project File Date:  07/16/2019

<h2>Output:</h2>
Rebuild target 'rt-thread'
compiling clock.c...
compiling components.c...
compiling cpu.c...
compiling device.c...
compiling idle.c...
compiling ipc.c...
compiling irq.c...
compiling kservice.c...
compiling mem.c...
compiling mempool.c...
compiling object.c...
compiling scheduler.c...
compiling signal.c...
compiling thread.c...
compiling timer.c...
compiling app_uart.c...
compiling main.c...
.\applications\led\led.h(21): warning:  #1-D: last line of file ends without a newline
  #endif
applications\main.c(110): warning:  #940-D: missing return statement at end of non-void function "mnt_init"
  }
applications\main.c(148): warning:  #188-D: enumerated type mixed with another type
                        return NULL;
applications\main.c(135): warning:  #177-D: variable "ret" was declared but never referenced
                int ret;
applications\main.c(140): warning:  #177-D: variable "pBuf" was declared but never referenced
                uint8_t *pBuf = "123456";
applications\main.c(438): warning:  #223-D: function "key_scan" declared implicitly
                                u8 key = key_scan(0);
applications\main.c(597): warning:  #177-D: variable "mtd_dev" was declared but never referenced
                struct rt_device *mtd_dev = RT_NULL;
applications\main.c(548): warning:  #177-D: function "testdb1" was declared but never referenced
  static int testdb1(void)
applications\main.c(98): warning:  #177-D: function "mnt_init" was declared but never referenced
  static int mnt_init(void)
applications\main.c: 9 warnings, 0 errors
compiling tftlcd.c...
compiling stm32f4xx_fsmc.c...
compiling gpio.c...
compiling key.c...
compiling led.c...
applications\led\led.h(21): warning:  #1-D: last line of file ends without a newline
  #endif
applications\led\led.c(29): warning:  #1-D: last line of file ends without a newline
  }
applications\led\led.c: 2 warnings, 0 errors
compiling board.c...
compiling stm32f4xx_hal_msp.c...
compiling spi_flash_init.c...
compiling sdcard_port.c...
assembling startup_stm32f407xx.s...
compiling drv_gpio.c...
compiling drv_usart.c...
compiling drv_hwtimer.c...
compiling drv_spi.c...
compiling drv_usb.c...
compiling drv_soft_i2c.c...
compiling drv_adc.c...
compiling drv_rtc.c...
compiling drv_flash_f4.c...
compiling drv_wdt.c...
compiling drv_sdio.c...
compiling drv_common.c...
compiling cJSON.c...
packages\cJSON-latest\cJSON.c(61): warning:  #1293-D: assignment in condition
        if (!(copy = (char*)cJSON_malloc(len))) return 0;
packages\cJSON-latest\cJSON.c(284): warning:  #1293-D: assignment in condition
        ptr=str;while ((token=*ptr) && ++len) {if (strchr("\"\\\b\f\n\r\t",token)) len++; else if (token<32) len+=5;ptr++;}
packages\cJSON-latest\cJSON.c(358): warning:  #111-D: statement is unreachable
        return p.buffer;
packages\cJSON-latest\cJSON.c(429): warning:  #1293-D: assignment in condition
                if (!(new_item=cJSON_New_Item())) return 0;     /* memory fail */
packages\cJSON-latest\cJSON.c(541): warning:  #1293-D: assignment in condition
                if (!(new_item=cJSON_New_Item()))       return 0; /* memory fail */
packages\cJSON-latest\cJSON.c: 5 warnings, 0 errors
compiling cJSON_port.c...
compiling cJSON_util.c...
compiling fal.c...
compiling fal_flash.c...
compiling fal_partition.c...
compiling fal_rtt.c...
compiling readwrite_sample.c...
compiling dfs_lfs.c...
compiling lfs.c...
packages\littlefs-latest\lfs.c(977): warning:  #68-D: integer conversion resulted in a change of sign
      return (int) lfs_dir_fetchmatch(lfs, dir, pair, -1, 0, NULL, NULL, NULL);
packages\littlefs-latest\lfs.c: 1 warning, 0 errors
compiling lfs_crc.c...
compiling lfs_util.c...
compiling littlevgl2rtt.c...
compiling lv_group.c...
compiling lv_indev.c...
compiling lv_obj.c...
compiling lv_refr.c...
compiling lv_style.c...
compiling lv_vdb.c...
compiling lv_draw.c...
compiling lv_draw_arc.c...
compiling lv_draw_img.c...
compiling lv_draw_label.c...
compiling lv_draw_line.c...
compiling lv_draw_rbasic.c...
compiling lv_draw_rect.c...
compiling lv_draw_triangle.c...
compiling lv_draw_vbasic.c...
compiling lv_hal_disp.c...
compiling lv_hal_indev.c...
compiling lv_hal_tick.c...
compiling lv_anim.c...
compiling lv_area.c...
compiling lv_circ.c...
compiling lv_color.c...
compiling lv_font.c...
compiling lv_fs.c...
compiling lv_ll.c...
compiling lv_log.c...
compiling lv_math.c...
compiling lv_mem.c...
compiling lv_task.c...
compiling lv_templ.c...
compiling lv_txt.c...
compiling lv_ufs.c...
compiling lv_font_builtin.c...
compiling lv_font_dejavu_10.c...
compiling lv_font_dejavu_10_cyrillic.c...
compiling lv_font_dejavu_10_latin_sup.c...
compiling lv_font_dejavu_20.c...
compiling lv_font_dejavu_20_cyrillic.c...
compiling lv_font_dejavu_20_latin_sup.c...
compiling lv_font_dejavu_30.c...
compiling lv_font_dejavu_30_cyrillic.c...
compiling lv_font_dejavu_30_latin_sup.c...
compiling lv_font_dejavu_40.c...
compiling lv_font_dejavu_40_cyrillic.c...
compiling lv_font_dejavu_40_latin_sup.c...
compiling lv_font_monospace_8.c...
compiling lv_font_simfang.c...
compiling lv_font_symbol_10.c...
compiling lv_font_symbol_20.c...
compiling lv_font_symbol_30.c...
compiling lv_font_symbol_40.c...
compiling lv_arc.c...
compiling lv_bar.c...
compiling lv_btn.c...
compiling lv_btnm.c...
compiling lv_calendar.c...
compiling lv_cb.c...
compiling lv_chart.c...
compiling lv_cont.c...
compiling lv_ddlist.c...
compiling lv_gauge.c...
compiling lv_img.c...
compiling lv_imgbtn.c...
compiling lv_kb.c...
compiling lv_label.c...
compiling lv_led.c...
compiling lv_line.c...
compiling lv_list.c...
compiling lv_lmeter.c...
compiling lv_mbox.c...
compiling lv_objx_templ.c...
compiling lv_page.c...
compiling lv_preload.c...
compiling lv_roller.c...
compiling lv_slider.c...
compiling lv_sw.c...
compiling lv_ta.c...
compiling lv_tabview.c...
compiling lv_win.c...
compiling lv_theme.c...
compiling lv_theme_alien.c...
compiling lv_theme_default.c...
compiling lv_theme_material.c...
compiling lv_theme_mono.c...
compiling lv_theme_nemo.c...
compiling lv_theme_night.c...
compiling lv_theme_templ.c...
compiling lv_theme_zen.c...
compiling lv_port_disp.c...
compiling mpu6xxx.c...
compiling sqlite3.c...
packages\sqlite-v3.19.3\sqlite3.c(28181): warning:  #222-D: floating-point operation result is out of range
              result = 1e308*1e308*s;  /* Infinity */
packages\sqlite-v3.19.3\rtthread_vfs.c(58): warning:  #231-D: declaration is not visible outside of function
  __weak int _gettimeofday(struct timeval *tp, void *ignore)
packages\sqlite-v3.19.3\rtthread_vfs.c(271): warning:  #177-D: variable "eType" was declared but never referenced
      int eType = flags & 0xFFFFFF00;  /* Type of file to open */
packages\sqlite-v3.19.3\sqlite3.c(61973): warning:  #550-D: variable "nPageHeader" was set but never used
    int nPageHeader;     /* Number of pages in the database according to hdr */
packages\sqlite-v3.19.3\sqlite3.c(73617): warning:  #550-D: variable "pColName" was set but never used
    Mem *pColName;
packages\sqlite-v3.19.3\sqlite3.c(81504): warning:  #111-D: statement is unreachable
    break;
packages\sqlite-v3.19.3\sqlite3.c(82217): warning:  #111-D: statement is unreachable
          break;
packages\sqlite-v3.19.3\sqlite3.c(86857): warning:  #191-D: type qualifier is meaningless on cast type
    const u8 * const p1 = (const u8 * const)pKey1;
packages\sqlite-v3.19.3\sqlite3.c(86858): warning:  #191-D: type qualifier is meaningless on cast type
    const u8 * const p2 = (const u8 * const)pKey2;
packages\sqlite-v3.19.3\sqlite3.c(86898): warning:  #191-D: type qualifier is meaningless on cast type
    const u8 * const p1 = (const u8 * const)pKey1;
packages\sqlite-v3.19.3\sqlite3.c(86899): warning:  #191-D: type qualifier is meaningless on cast type
    const u8 * const p2 = (const u8 * const)pKey2;
packages\sqlite-v3.19.3\sqlite3.c(88568): warning:  #1293-D: assignment in condition
              if( (pIncr = pMain->aReadr[iTask].pIncr) ){
packages\sqlite-v3.19.3\sqlite3.c(142115): warning:  #550-D: variable "nName" was set but never used
    int nName;
packages\sqlite-v3.19.3\sqlite3.c(20249): warning:  #177-D: function "sqlite3OsShmMap" was declared but never referenced
  SQLITE_PRIVATE int sqlite3OsShmMap(
packages\sqlite-v3.19.3\sqlite3.c(20240): warning:  #177-D: function "sqlite3OsShmLock" was declared but never referenced
  SQLITE_PRIVATE int sqlite3OsShmLock(sqlite3_file *id, int offset, int n, int flags){
packages\sqlite-v3.19.3\sqlite3.c(20243): warning:  #177-D: function "sqlite3OsShmBarrier" was declared but never referenced
  SQLITE_PRIVATE void sqlite3OsShmBarrier(sqlite3_file *id){
packages\sqlite-v3.19.3\sqlite3.c(20246): warning:  #177-D: function "sqlite3OsShmUnmap" was declared but never referenced
  SQLITE_PRIVATE int sqlite3OsShmUnmap(sqlite3_file *id, int deleteFlag){
packages\sqlite-v3.19.3\sqlite3.c: 17 warnings, 0 errors
compiling backtrace.c...
compiling div0.c...
compiling showmem.c...
compiling cpuport.c...
assembling context_rvds.S...
compiling Mutex.cpp...
compiling Semaphore.cpp...
compiling Thread.cpp...
compiling crt.cpp...
compiling crt_init.c...
compiling dfs.c...
compiling dfs_file.c...
compiling dfs_fs.c...
compiling dfs_posix.c...
compiling poll.c...
compiling select.c...
compiling devfs.c...
compiling dfs_elm.c...
compiling ff.c...
compiling ccsbcs.c...
compiling audio.c...
compiling audio_pipe.c...
compiling hwtimer.c...
compiling i2c_core.c...
compiling i2c_dev.c...
compiling i2c-bit-ops.c...
compiling pin.c...
compiling adc.c...
compiling mtd_nor.c...
compiling rtc.c...
compiling block_dev.c...
compiling mmcsd_core.c...
compiling sd.c...
compiling sdio.c...
compiling mmc.c...
compiling serial.c...
compiling spi_core.c...
compiling spi_dev.c...
compiling spi_flash_w25qxx.c...
compiling spi_msd.c...
compiling spi_flash_sfud.c...
compiling sfud.c...
compiling sfud_sfdp.c...
compiling completion.c...
compiling dataqueue.c...
compiling pipe.c...
compiling ringblk_buf.c...
compiling ringbuffer.c...
compiling waitqueue.c...
compiling workqueue.c...
compiling watchdog.c...
compiling core.c...
compiling usbdevice.c...
compiling cdc_vcom.c...
..\..\..\components\drivers\usb\usbdevice\class\cdc_vcom.c(111): warning:  #550-D: variable "dev_qualifier" was set but never used
  static struct usb_qualifier_descriptor dev_qualifier =
..\..\..\components\drivers\usb\usbdevice\class\cdc_vcom.c: 1 warning, 0 errors
compiling hid.c...
..\..\..\components\drivers\usb\usbdevice\class\hid.c(264): warning:  #550-D: variable "dev_qualifier" was set but never used
  static struct usb_qualifier_descriptor dev_qualifier =
..\..\..\components\drivers\usb\usbdevice\class\hid.c: 1 warning, 0 errors
compiling mstorage.c...
compiling winusb.c...
compiling core_core.c...
compiling driver.c...
compiling usbhost.c...
compiling hub.c...
compiling mass.c...
compiling udisk.c...
compiling shell.c...
compiling symbol.c...
compiling cmd.c...
compiling msh.c...
compiling msh_cmd.c...
compiling msh_file.c...
compiling libc.c...
compiling mem_std.c...
compiling stdio.c...
compiling stubs.c...
compiling time.c...
compiling gmtime_r.c...
compiling log_trace.c...
compiling log_file.c...
compiling system_stm32f4xx.c...
compiling stm32f4xx_hal.c...
compiling stm32f4xx_hal_cec.c...
compiling stm32f4xx_hal_cortex.c...
compiling stm32f4xx_hal_crc.c...
compiling stm32f4xx_hal_cryp.c...
compiling stm32f4xx_hal_cryp_ex.c...
compiling stm32f4xx_hal_dma.c...
compiling stm32f4xx_hal_dma_ex.c...
compiling stm32f4xx_hal_pwr.c...
compiling stm32f4xx_hal_pwr_ex.c...
compiling stm32f4xx_hal_rcc.c...
compiling stm32f4xx_hal_rcc_ex.c...
compiling stm32f4xx_hal_rng.c...
compiling stm32f4xx_hal_gpio.c...
compiling stm32f4xx_hal_uart.c...
compiling stm32f4xx_hal_usart.c...
compiling stm32f4xx_hal_i2c.c...
compiling stm32f4xx_hal_i2c_ex.c...
compiling stm32f4xx_hal_spi.c...
compiling stm32f4xx_hal_qspi.c...
compiling stm32f4xx_hal_pccard.c...
compiling stm32f4xx_hal_pcd.c...
compiling stm32f4xx_hal_pcd_ex.c...
compiling stm32f4xx_hal_hcd.c...
compiling stm32f4xx_ll_usb.c...
compiling stm32f4xx_hal_tim.c...
compiling stm32f4xx_hal_tim_ex.c...
compiling stm32f4xx_hal_lptim.c...
compiling stm32f4xx_hal_adc.c...
compiling stm32f4xx_hal_adc_ex.c...
compiling stm32f4xx_hal_rtc.c...
compiling stm32f4xx_hal_rtc_ex.c...
compiling stm32f4xx_hal_iwdg.c...
compiling stm32f4xx_hal_wwdg.c...
compiling stm32f4xx_ll_sdmmc.c...
compiling stm32f4xx_hal_sd.c...
compiling stm32f4xx_hal_i2s.c...
compiling stm32f4xx_hal_i2s_ex.c...
compiling stm32f4xx_hal_sai.c...
compiling stm32f4xx_hal_sai_ex.c...
compiling stm32f4xx_hal_nor.c...
compiling stm32f4xx_hal_flash.c...
compiling stm32f4xx_hal_flash_ex.c...
compiling stm32f4xx_hal_flash_ramfunc.c...
linking...
.\build\keil\Obj\rt-thread.axf: Warning: L6330W: Undefined symbol SHT$$INIT_ARRAY$$Base (referred from crt_init.o). Unused section has been removed.
.\build\keil\Obj\rt-thread.axf: Warning: L6330W: Undefined symbol SHT$$INIT_ARRAY$$Limit (referred from crt_init.o). Unused section has been removed.
Program Size: Code=179628 RO-data=21980 RW-data=2620 ZI-data=14740  
Finished: 0 information, 2 warning and 0 error messages.
After Build - User command #1: fromelf --bin .\build\keil\Obj\rt-thread.axf --output rtthread.bin
".\build\keil\Obj\rt-thread.axf" - 0 Error(s), 38 Warning(s).

<h2>Collection of Component include folders:</h2>
  E:\ly_work\rt-thread-4.0.0\bsp\stm32\stm32f407-atk-explorer\RTE
  C:\Keil_v5\ARM\PACK\Keil\STM32F4xx_DFP\2.13.0

<h2>Collection of Component Files used:</h2>
</pre>
</body>
</html>
