<html>
<body>
<pre>
<h1>µVision Build Log</h1>
<h2>Tool Versions:</h2>
IDE-Version: ¦ÌVision V5.14.0.0
Copyright (C) 2015 ARM Ltd and ARM Germany GmbH. All rights reserved.
License Information: y l, xy, LIC=GE7DY-IU8T3-F15PT-R0DUL-GB9K7-WXERE
 
Tool Versions:
Toolchain:       MDK-ARM Professional  Version: 5.14.0.0
Toolchain Path:  C:\Keil_v5\ARM\ARMCC\Bin
C Compiler:      Armcc.exe V5.05 update 1 (build 106)
Assembler:       Armasm.exe V5.05 update 1 (build 106)
Linker/Locator:  ArmLink.exe V5.05 update 1 (build 106)
Library Manager: ArmAr.exe V5.05 update 1 (build 106)
Hex Converter:   FromElf.exe V5.05 update 1 (build 106)
CPU DLL:         SARMCM3.DLL V5.14.0.0
Dialog DLL:      DCM.DLL V1.13.1.0
Target DLL:      Segger\JL2CM3.dll V2.99.13.0
Dialog DLL:      TCM.DLL V1.14.4.0
 
<h2>Project:</h2>
E:\ly_work\rt-thread-4.0.0\bsp\stm32\stm32f407-atk-explorer\project.uvprojx
Project File Date:  07/05/2019

<h2>Output:</h2>
Build target 'rt-thread'
compiling key.c...
applications\key\key.h(38): warning:  #1295-D: Deprecated declaration key_init - give arg types
  void key_init();
applications\key\key.h(39): warning:  #1295-D: Deprecated declaration KEY_Scan - give arg types
  u8 KEY_Scan();
applications\key\key.c: 2 warnings, 0 errors
linking...
Program Size: Code=179420 RO-data=21972 RW-data=2608 ZI-data=14720  
After Build - User command #1: fromelf --bin .\build\keil\Obj\rt-thread.axf --output rtthread.bin
".\build\keil\Obj\rt-thread.axf" - 0 Error(s), 2 Warning(s).

<h2>Collection of Component include folders:</h2>
  E:\ly_work\rt-thread-4.0.0\bsp\stm32\stm32f407-atk-explorer\RTE
  C:\Keil_v5\ARM\PACK\Keil\STM32F4xx_DFP\2.13.0

<h2>Collection of Component Files used:</h2>
</pre>
</body>
</html>
